src/hooks/sync/useProductionSync.ts(2,45): error TS6133: 'Timestamp' is declared but its value is never read.
