src/App.tsx(4,270): error TS6133: 'Activity' is declared but its value is never read.
src/App.tsx(306,61): error TS2769: No overload matches this call.
  The last overload gave the following error.
    Object literal may only specify known properties, and 'size' does not exist in type 'Partial<unknown> & Attributes'.
src/components/InventoryView.tsx(27,12): error TS6133: 'error' is declared but its value is never read.
