src/store/useStore.test.ts(77,17): error TS2353: Object literal may only specify known properties, and 'status' does not exist in type 'Event'.
src/store/useStore.test.ts(94,17): error TS2353: Object literal may only specify known properties, and 'status' does not exist in type 'Event'.
