src/components/analytics/ComparadorPlatos.tsx(3,1): error TS6133: 'ArrowRight' is declared but its value is never read.
