src/components/BreakfastView.tsx(12,9): error TS2339: Property 'breakfastServices' does not exist on type 'AppState'.
src/components/BreakfastView.tsx(12,28): error TS2339: Property 'updateBreakfastService' does not exist on type 'AppState'.
src/components/BreakfastView.tsx(13,22): error TS2339: Property 'fetchBreakfastServices' does not exist on type 'AppState'.
src/components/BreakfastView.tsx(13,46): error TS2339: Property 'commitBreakfastConsumption' does not exist on type 'AppState'.
src/components/BreakfastView.tsx(24,51): error TS7006: Parameter 's' implicitly has an 'any' type.
src/components/BreakfastView.tsx(311,61): error TS2322: Type 'unknown' is not assignable to type 'string | number | readonly string[] | undefined'.
